<html>
<body>
<pre>
<h1>µVision Build Log</h1>
<h2>Tool Versions:</h2>
IDE-Version: µVision V5.24.2.0
Copyright (C) 2017 ARM Ltd and ARM Germany GmbH. All rights reserved.
License Information: Trauner Michael, HTL Hollabrunn, LIC=----
 
Tool Versions:
Toolchain:       MDK-Lite  Version: 5.24.1
Toolchain Path:  C:\Keil_v5\ARM\ARMCC\Bin
C Compiler:      Armcc.exe V5.06 update 5 (build 528)
Assembler:       Armasm.exe V5.06 update 5 (build 528)
Linker/Locator:  ArmLink.exe V5.06 update 5 (build 528)
Library Manager: ArmAr.exe V5.06 update 5 (build 528)
Hex Converter:   FromElf.exe V5.06 update 5 (build 528)
CPU DLL:         SARMCM3.DLL V5.24.1
Dialog DLL:      DARMSTM.DLL V1.68.0.0
Target DLL:      UL2CM3.DLL V1.160.3.0
Dialog DLL:      TARMSTM.DLL V1.66.0.0
 
<h2>Project:</h2>
C:\Users\Michael.Michael_Trauner\Documents\Schule\HTL Hollabrunn\4AHEL\DIC\DIC_Interrupt\Interrupt_Temp_Timer.uvprojx
Project File Date:  04/12/2018

<h2>Output:</h2>
*** Using Compiler 'V5.06 update 5 (build 528)', folder: 'C:\Keil_v5\ARM\ARMCC\Bin'
Rebuild target 'ARM Minimalsystem'
assembling startup_stm32f10x_md.s...
compiling system_stm32f10x.c...
compiling Main_Timer_Temp.c...
Main_Timer_Temp.c(92): warning:  #1-D: last line of file ends without a newline
  	}
Main_Timer_Temp.c(83): warning:  #177-D: variable "Usekundene"  was declared but never referenced
  		int Usekundene;
Main_Timer_Temp.c(40): warning:  #177-D: function "TIM1_Config"  was declared but never referenced
  static void TIM1_Config(void)
Main_Timer_Temp.c: 3 warnings, 0 errors
linking...
Program Size: Code=740 RO-data=268 RW-data=4 ZI-data=1636  
".\Objects\Interrupt_Temp_Timer.axf" - 0 Error(s), 3 Warning(s).

<h2>Software Packages used:</h2>

Package Vendor: ARM
                http://www.keil.com/pack/ARM.CMSIS.5.2.0.pack
                ARM.CMSIS.5.2.0
                CMSIS (Cortex Microcontroller Software Interface Standard)
   * Component: CORE Version: 5.0.2

Package Vendor: HTL Hollabrunn
                
                HTL Hollabrunn.STD-Pack.2.0.0
                HTL Hollabrunn library and include pack
   * Component: Includes Version: 2.0.0

Package Vendor: Keil
                http://www.keil.com/pack/Keil.STM32F1xx_DFP.2.2.0.pack
                Keil.STM32F1xx_DFP.2.2.0
                STMicroelectronics STM32F1 Series Device Support, Drivers and Examples
   * Component: Startup Version: 1.0.0

<h2>Collection of Component include folders:</h2>
  .\RTE\Device\STM32F103RB
  .\RTE\_ARM_Minimalsystem
  C:\Keil_v5\ARM\PACK\ARM\CMSIS\5.2.0\CMSIS\Include
  C:\Keil_v5\ARM\PACK\HTL Hollabrunn\STD-Pack\2.0.0\Header
  C:\Keil_v5\ARM\PACK\Keil\STM32F1xx_DFP\2.2.0\Device\Include

<h2>Collection of Component Files used:</h2>

   * Component: Keil::Device:Startup:1.0.0
      Source file:   Device\Source\ARM\STM32F1xx_OPT.s
      Source file:   Device\Source\ARM\startup_stm32f10x_md.s
      Source file:   Device\Source\system_stm32f10x.c
      Include file:  RTE_Driver\Config\RTE_Device.h

   * Component: HTL Hollabrunn::HTL Hollabrunn:Assembler:Includes:2.0.0
      Include file:  Header\STM32_F103RB_MEM_MAP.INC

   * Component: ARM::CMSIS:CORE:5.0.2
Build Time Elapsed:  00:00:01
</pre>
</body>
</html>
